// Jest Snapshot v1, https://goo.gl/fbAQLP

exports[`Menu component should renders properly 1`] = `
<Menu
  className=""
  defaultSelectedKeys={
    Array [
      "/",
    ]
  }
  focusable={false}
  mode="inline"
  onClick={[Function]}
  prefixCls="ant-menu"
  theme="dark"
>
  <MenuItem
    key="/storeProduct"
  >
    <Icon
      type="profile"
    />
    <span>
      Store a Product
    </span>
  </MenuItem>
  <MenuItem
    key="/products"
  >
    <Icon
      type="table"
    />
    <span>
      My Products
    </span>
  </MenuItem>
</Menu>
`;
